[debug] [2026-10-06T19:48:44.192Z] ----------------------------------------------------------------------
[debug] [2026-10-06T19:48:44.195Z] Command:       C:\Program Files\nodejs\node.exe C:\Users\Aftab\AppData\Roaming\npm\node_modules\firebase-tools\lib\bin\firebase.js init
[debug] [2026-10-06T19:48:44.195Z] CLI Version:   15.32.1
[debug] [2026-10-06T19:48:44.195Z] Platform:      win32
[debug] [2026-10-06T19:48:44.195Z] Node Version:  v24.21.0
[debug] [2026-10-06T19:48:44.195Z] Detected Agent: unknown
[debug] [2026-10-06T19:48:44.195Z] Time:          Wed Oct 07 2026 01:33:44 GMT+0545 (Nepal Time)
[debug] [2026-10-06T19:48:44.195Z] ----------------------------------------------------------------------
[debug] 
[info] 
     ######## #### ########  ######## ########     ###     ######  ########
     ##        ##  ##     ## ##       ##     ##  ##   ##  ##       ##
     ######    ##  ########  ######   ########  #########  ######  ######
     ##        ##  ##    ##  ##       ##     ## ##     ##       ## ##
     ##       #### ##     ## ######## ########  ##     ##  ######  ########

You're about to initialize a Firebase project in this directory:

  D:\nepachat\nepachat\web

[info] 
=== Project Setup
[info] 
[info] First, let's associate this project directory with a Firebase project.
[info] You can create multiple project aliases by running firebase use --add, 
[info] 
[debug] [2026-10-06T19:49:16.279Z] > command requires scopes: ["email","openid","https://www.googleapis.com/auth/cloudplatformprojects.readonly","https://www.googleapis.com/auth/firebase","https://www.googleapis.com/auth/cloud-platform"]
[debug] [2026-10-06T19:49:16.280Z] > authorizing via signed-in user (aftabaha12@gmail.com)
[debug] [2026-10-06T19:49:16.305Z] Checked if tokens are valid: true, expires at: 1791319698729
[debug] [2026-10-06T19:49:16.306Z] Checked if tokens are valid: true, expires at: 1791319698729
[debug] [2026-10-06T19:49:16.308Z] >>> [apiv2][query] GET https://firebase.googleapis.com/v1beta1/projects pageSize=100
[debug] [2026-10-06T19:49:18.729Z] <<< [apiv2][status] GET https://firebase.googleapis.com/v1beta1/projects 200
[debug] [2026-10-06T19:49:18.729Z] <<< [apiv2][body] GET https://firebase.googleapis.com/v1beta1/projects [omitted]
[info] 
=== Dataconnect Setup
[info] i  dataconnect: ensuring required API firebasedataconnect.googleapis.com is enabled... 
[debug] [2026-10-06T19:49:28.538Z] Checked if tokens are valid: true, expires at: 1791319698729
[debug] [2026-10-06T19:49:28.538Z] Checked if tokens are valid: true, expires at: 1791319698729
[info] i  dataconnect: ensuring required API sqladmin.googleapis.com is enabled... 
[debug] [2026-10-06T19:49:28.539Z] Checked if tokens are valid: true, expires at: 1791319698729
[debug] [2026-10-06T19:49:28.540Z] Checked if tokens are valid: true, expires at: 1791319698729
[debug] [2026-10-06T19:49:28.542Z] >>> [apiv2][query] GET https://serviceusage.googleapis.com/v1/projects/nepachat-dcc71/services/firebasedataconnect.googleapis.com [none]
[debug] [2026-10-06T19:49:28.542Z] >>> [apiv2][(partial)header] GET https://serviceusage.googleapis.com/v1/projects/nepachat-dcc71/services/firebasedataconnect.googleapis.com  x-goog-user-project=nepachat-dcc71
[debug] [2026-10-06T19:49:28.545Z] >>> [apiv2][query] GET https://serviceusage.googleapis.com/v1/projects/nepachat-dcc71/services/sqladmin.googleapis.com [none]
[debug] [2026-10-06T19:49:28.545Z] >>> [apiv2][(partial)header] GET https://serviceusage.googleapis.com/v1/projects/nepachat-dcc71/services/sqladmin.googleapis.com  x-goog-user-project=nepachat-dcc71
[debug] [2026-10-06T19:49:30.528Z] <<< [apiv2][status] GET https://serviceusage.googleapis.com/v1/projects/nepachat-dcc71/services/sqladmin.googleapis.com 200
[debug] [2026-10-06T19:49:30.528Z] <<< [apiv2][body] GET https://serviceusage.googleapis.com/v1/projects/nepachat-dcc71/services/sqladmin.googleapis.com [omitted]
[warn] !  dataconnect: missing required API sqladmin.googleapis.com. Enabling now... 
[debug] [2026-10-06T19:49:30.529Z] Checked if tokens are valid: true, expires at: 1791319698729
[debug] [2026-10-06T19:49:30.529Z] Checked if tokens are valid: true, expires at: 1791319698729
[debug] [2026-10-06T19:49:30.529Z] >>> [apiv2][query] POST https://serviceusage.googleapis.com/v1/projects/nepachat-dcc71/services/sqladmin.googleapis.com:enable [none]
[debug] [2026-10-06T19:49:30.529Z] >>> [apiv2][(partial)header] POST https://serviceusage.googleapis.com/v1/projects/nepachat-dcc71/services/sqladmin.googleapis.com:enable  x-goog-user-project=nepachat-dcc71
[debug] [2026-10-06T19:49:30.580Z] <<< [apiv2][status] GET https://serviceusage.googleapis.com/v1/projects/nepachat-dcc71/services/firebasedataconnect.googleapis.com 200
[debug] [2026-10-06T19:49:30.580Z] <<< [apiv2][body] GET https://serviceusage.googleapis.com/v1/projects/nepachat-dcc71/services/firebasedataconnect.googleapis.com [omitted]
[warn] !  dataconnect: missing required API firebasedataconnect.googleapis.com. Enabling now... 
[debug] [2026-10-06T19:49:30.581Z] Checked if tokens are valid: true, expires at: 1791319698729
[debug] [2026-10-06T19:49:30.581Z] Checked if tokens are valid: true, expires at: 1791319698729
[debug] [2026-10-06T19:49:30.582Z] >>> [apiv2][query] POST https://serviceusage.googleapis.com/v1/projects/nepachat-dcc71/services/firebasedataconnect.googleapis.com:enable [none]
[debug] [2026-10-06T19:49:30.582Z] >>> [apiv2][(partial)header] POST https://serviceusage.googleapis.com/v1/projects/nepachat-dcc71/services/firebasedataconnect.googleapis.com:enable  x-goog-user-project=nepachat-dcc71
[debug] [2026-10-06T19:49:31.076Z] <<< [apiv2][status] POST https://serviceusage.googleapis.com/v1/projects/nepachat-dcc71/services/sqladmin.googleapis.com:enable 200
[debug] [2026-10-06T19:49:31.076Z] <<< [apiv2][body] POST https://serviceusage.googleapis.com/v1/projects/nepachat-dcc71/services/sqladmin.googleapis.com:enable [omitted]
[debug] [2026-10-06T19:49:32.634Z] <<< [apiv2][status] POST https://serviceusage.googleapis.com/v1/projects/nepachat-dcc71/services/firebasedataconnect.googleapis.com:enable 200
[debug] [2026-10-06T19:49:32.635Z] <<< [apiv2][body] POST https://serviceusage.googleapis.com/v1/projects/nepachat-dcc71/services/firebasedataconnect.googleapis.com:enable [omitted]
[debug] [2026-10-06T19:49:42.656Z] Checked if tokens are valid: true, expires at: 1791319698729
[debug] [2026-10-06T19:49:42.657Z] Checked if tokens are valid: true, expires at: 1791319698729
[debug] [2026-10-06T19:49:42.657Z] >>> [apiv2][query] GET https://firebasedataconnect.googleapis.com/v1/projects/nepachat-dcc71/locations/-/services [none]
[debug] [2026-10-06T19:49:44.747Z] <<< [apiv2][status] GET https://firebasedataconnect.googleapis.com/v1/projects/nepachat-dcc71/locations/-/services 200
[debug] [2026-10-06T19:49:44.748Z] <<< [apiv2][body] GET https://firebasedataconnect.googleapis.com/v1/projects/nepachat-dcc71/locations/-/services {}
[debug] [2026-10-06T19:50:05.892Z] Checked if tokens are valid: true, expires at: 1791319698729
[debug] [2026-10-06T19:50:05.892Z] Checked if tokens are valid: true, expires at: 1791319698729
[debug] [2026-10-06T19:50:05.892Z] >>> [apiv2][query] GET https://serviceusage.googleapis.com/v1/projects/nepachat-dcc71/services/cloudbilling.googleapis.com [none]
[debug] [2026-10-06T19:50:05.892Z] >>> [apiv2][(partial)header] GET https://serviceusage.googleapis.com/v1/projects/nepachat-dcc71/services/cloudbilling.googleapis.com  x-goog-user-project=nepachat-dcc71
[debug] [2026-10-06T19:50:07.761Z] <<< [apiv2][status] GET https://serviceusage.googleapis.com/v1/projects/nepachat-dcc71/services/cloudbilling.googleapis.com 200
[debug] [2026-10-06T19:50:07.761Z] <<< [apiv2][body] GET https://serviceusage.googleapis.com/v1/projects/nepachat-dcc71/services/cloudbilling.googleapis.com [omitted]
[debug] [2026-10-06T19:50:07.762Z] Checked if tokens are valid: true, expires at: 1791319698729
[debug] [2026-10-06T19:50:07.762Z] Checked if tokens are valid: true, expires at: 1791319698729
[debug] [2026-10-06T19:50:07.762Z] >>> [apiv2][query] POST https://serviceusage.googleapis.com/v1/projects/nepachat-dcc71/services/cloudbilling.googleapis.com:enable [none]
[debug] [2026-10-06T19:50:07.762Z] >>> [apiv2][(partial)header] POST https://serviceusage.googleapis.com/v1/projects/nepachat-dcc71/services/cloudbilling.googleapis.com:enable  x-goog-user-project=nepachat-dcc71
[debug] [2026-10-06T19:50:08.363Z] <<< [apiv2][status] POST https://serviceusage.googleapis.com/v1/projects/nepachat-dcc71/services/cloudbilling.googleapis.com:enable 200
[debug] [2026-10-06T19:50:08.363Z] <<< [apiv2][body] POST https://serviceusage.googleapis.com/v1/projects/nepachat-dcc71/services/cloudbilling.googleapis.com:enable [omitted]
[debug] [2026-10-06T19:50:18.378Z] Checked if tokens are valid: true, expires at: 1791319698729
[debug] [2026-10-06T19:50:18.378Z] Checked if tokens are valid: true, expires at: 1791319698729
[debug] [2026-10-06T19:50:18.378Z] >>> [apiv2][query] GET https://cloudbilling.googleapis.com/v1/projects/nepachat-dcc71/billingInfo [none]
[debug] [2026-10-06T19:50:18.378Z] >>> [apiv2][(partial)header] GET https://cloudbilling.googleapis.com/v1/projects/nepachat-dcc71/billingInfo  x-goog-user-project=nepachat-dcc71
[debug] [2026-10-06T19:50:19.849Z] <<< [apiv2][status] GET https://cloudbilling.googleapis.com/v1/projects/nepachat-dcc71/billingInfo 200
[debug] [2026-10-06T19:50:19.849Z] <<< [apiv2][body] GET https://cloudbilling.googleapis.com/v1/projects/nepachat-dcc71/billingInfo {"name":"projects/nepachat-dcc71/billingInfo","projectId":"nepachat-dcc71","billingAccountName":"","billingEnabled":false}
[debug] [2026-10-06T19:50:19.851Z] Checked if tokens are valid: true, expires at: 1791319698729
[debug] [2026-10-06T19:50:19.852Z] Checked if tokens are valid: true, expires at: 1791319698729
[debug] [2026-10-06T19:50:19.852Z] >>> [apiv2][query] GET https://monitoring.googleapis.com/v3/projects/nepachat-dcc71/timeSeries/ filter=metric.type%3D%22serviceruntime.googleapis.com%2Fquota%2Fallocation%2Fusage%22+AND+metric.label.quota_metric+%3D+%22sqladmin.googleapis.com%2Ffdc_lifetime_free_trial_per_project%22&interval.endTime=2026-10-06T19%3A50%3A19.850Z&interval.startTime=2026-09-29T19%3A50%3A19.850Z
[debug] [2026-10-06T19:50:21.416Z] <<< [apiv2][status] GET https://monitoring.googleapis.com/v3/projects/nepachat-dcc71/timeSeries/ 200
[debug] [2026-10-06T19:50:21.416Z] <<< [apiv2][body] GET https://monitoring.googleapis.com/v3/projects/nepachat-dcc71/timeSeries/ {"unit":"1"}
[info] +  dataconnect: CloudSQL no cost trial available! 
[debug] [2026-10-06T19:50:21.418Z] Checked if tokens are valid: true, expires at: 1791319698729
[debug] [2026-10-06T19:50:21.418Z] Checked if tokens are valid: true, expires at: 1791319698729
[debug] [2026-10-06T19:50:21.419Z] >>> [apiv2][query] GET https://sqladmin.googleapis.com/v1/projects/nepachat-dcc71/instances [none]
[debug] [2026-10-06T19:50:23.392Z] <<< [apiv2][status] GET https://sqladmin.googleapis.com/v1/projects/nepachat-dcc71/instances 200
[debug] [2026-10-06T19:50:23.393Z] <<< [apiv2][body] GET https://sqladmin.googleapis.com/v1/projects/nepachat-dcc71/instances {}
[debug] [2026-10-06T19:50:23.394Z] Checked if tokens are valid: true, expires at: 1791319698729
[debug] [2026-10-06T19:50:23.394Z] Checked if tokens are valid: true, expires at: 1791319698729
[debug] [2026-10-06T19:50:23.394Z] >>> [apiv2][query] GET https://firebasedataconnect.googleapis.com/v1/projects/nepachat-dcc71/locations [none]
[debug] [2026-10-06T19:50:25.122Z] <<< [apiv2][status] GET https://firebasedataconnect.googleapis.com/v1/projects/nepachat-dcc71/locations 200
[debug] [2026-10-06T19:50:25.123Z] <<< [apiv2][body] GET https://firebasedataconnect.googleapis.com/v1/projects/nepachat-dcc71/locations {"locations":[{"name":"projects/nepachat-dcc71/locations/asia-east1","locationId":"asia-east1","displayName":"Taiwan"},{"name":"projects/nepachat-dcc71/locations/asia-east2","locationId":"asia-east2","displayName":"Hong Kong"},{"name":"projects/nepachat-dcc71/locations/asia-northeast1","locationId":"asia-northeast1","displayName":"Tokyo"},{"name":"projects/nepachat-dcc71/locations/asia-northeast2","locationId":"asia-northeast2","displayName":"Osaka"},{"name":"projects/nepachat-dcc71/locations/asia-northeast3","locationId":"asia-northeast3","displayName":"Seoul"},{"name":"projects/nepachat-dcc71/locations/asia-south1","locationId":"asia-south1","displayName":"Mumbai"},{"name":"projects/nepachat-dcc71/locations/asia-southeast1","locationId":"asia-southeast1","displayName":"Singapore"},{"name":"projects/nepachat-dcc71/locations/asia-southeast2","locationId":"asia-southeast2","displayName":"Jakarta"},{"name":"projects/nepachat-dcc71/locations/australia-southeast1","locationId":"australia-southeast1","displayName":"Sydney"},{"name":"projects/nepachat-dcc71/locations/australia-southeast2","locationId":"australia-southeast2","displayName":"Melbourne"},{"name":"projects/nepachat-dcc71/locations/europe-central2","locationId":"europe-central2","displayName":"Warsaw"},{"name":"projects/nepachat-dcc71/locations/europe-north1","locationId":"europe-north1","displayName":"Finland"},{"name":"projects/nepachat-dcc71/locations/europe-southwest1","locationId":"europe-southwest1","displayName":"Madrid"},{"name":"projects/nepachat-dcc71/locations/europe-west1","locationId":"europe-west1","displayName":"Belgium"},{"name":"projects/nepachat-dcc71/locations/europe-west2","locationId":"europe-west2","displayName":"London"},{"name":"projects/nepachat-dcc71/locations/europe-west3","locationId":"europe-west3","displayName":"Frankfurt"},{"name":"projects/nepachat-dcc71/locations/europe-west4","locationId":"europe-west4","displayName":"Netherlands"},{"name":"projects/nepachat-dcc71/locations/europe-west6","locationId":"europe-west6","displayName":"Zurich"},{"name":"projects/nepachat-dcc71/locations/europe-west8","locationId":"europe-west8","displayName":"Milan"},{"name":"projects/nepachat-dcc71/locations/europe-west9","locationId":"europe-west9","displayName":"Paris"},{"name":"projects/nepachat-dcc71/locations/me-west1","locationId":"me-west1","displayName":"Tel Aviv"},{"name":"projects/nepachat-dcc71/locations/northamerica-northeast1","locationId":"northamerica-northeast1","displayName":"Montréal"},{"name":"projects/nepachat-dcc71/locations/northamerica-northeast2","locationId":"northamerica-northeast2","displayName":"Toronto"},{"name":"projects/nepachat-dcc71/locations/southamerica-east1","locationId":"southamerica-east1","displayName":"São Paulo"},{"name":"projects/nepachat-dcc71/locations/southamerica-west1","locationId":"southamerica-west1","displayName":"Santiago"},{"name":"projects/nepachat-dcc71/locations/us-central1","locationId":"us-central1","displayName":"Iowa"},{"name":"projects/nepachat-dcc71/locations/us-east1","locationId":"us-east1","displayName":"South Carolina"},{"name":"projects/nepachat-dcc71/locations/us-east4","locationId":"us-east4","displayName":"Northern Virginia"},{"name":"projects/nepachat-dcc71/locations/us-south1","locationId":"us-south1","displayName":"Dallas"},{"name":"projects/nepachat-dcc71/locations/us-west1","locationId":"us-west1","displayName":"Oregon"},{"name":"projects/nepachat-dcc71/locations/us-west2","locationId":"us-west2","displayName":"Los Angeles"},{"name":"projects/nepachat-dcc71/locations/us-west3","locationId":"us-west3","displayName":"Salt Lake City"},{"name":"projects/nepachat-dcc71/locations/us-west4","locationId":"us-west4","displayName":"Las Vegas"}]}
[info] +  dataconnect: Detected existing apps . (web) 
[debug] [2026-10-06T19:50:40.215Z] Checked if tokens are valid: true, expires at: 1791319698729
[debug] [2026-10-06T19:50:40.215Z] Checked if tokens are valid: true, expires at: 1791319698729
[debug] [2026-10-06T19:50:40.215Z] >>> [apiv2][query] GET https://sqladmin.googleapis.com/v1/projects/nepachat-dcc71/instances/web-fdc [none]
[debug] [2026-10-06T19:50:40.798Z] <<< [apiv2][status] GET https://sqladmin.googleapis.com/v1/projects/nepachat-dcc71/instances/web-fdc 404
[debug] [2026-10-06T19:50:40.799Z] <<< [apiv2][body] GET https://sqladmin.googleapis.com/v1/projects/nepachat-dcc71/instances/web-fdc {"error":{"code":404,"message":"The Cloud SQL instance does not exist.","errors":[{"message":"The Cloud SQL instance does not exist.","domain":"global","reason":"instanceDoesNotExist"}]}}
[debug] [2026-10-06T19:50:40.801Z] Checked if tokens are valid: true, expires at: 1791319698729
[debug] [2026-10-06T19:50:40.801Z] Checked if tokens are valid: true, expires at: 1791319698729
[debug] [2026-10-06T19:50:40.801Z] >>> [apiv2][query] GET https://monitoring.googleapis.com/v3/projects/nepachat-dcc71/timeSeries/ filter=metric.type%3D%22serviceruntime.googleapis.com%2Fquota%2Fallocation%2Fusage%22+AND+metric.label.quota_metric+%3D+%22sqladmin.googleapis.com%2Ffdc_lifetime_free_trial_per_project%22&interval.endTime=2026-10-06T19%3A50%3A40.800Z&interval.startTime=2026-09-29T19%3A50%3A40.800Z
[debug] [2026-10-06T19:50:41.851Z] <<< [apiv2][status] GET https://monitoring.googleapis.com/v3/projects/nepachat-dcc71/timeSeries/ 200
[debug] [2026-10-06T19:50:41.851Z] <<< [apiv2][body] GET https://monitoring.googleapis.com/v3/projects/nepachat-dcc71/timeSeries/ {"unit":"1"}
[debug] [2026-10-06T19:50:41.853Z] Checked if tokens are valid: true, expires at: 1791319698729
[debug] [2026-10-06T19:50:41.853Z] Checked if tokens are valid: true, expires at: 1791319698729
[debug] [2026-10-06T19:50:41.853Z] >>> [apiv2][query] POST https://sqladmin.googleapis.com/v1/projects/nepachat-dcc71/instances [none]
[debug] [2026-10-06T19:50:41.853Z] >>> [apiv2][body] POST https://sqladmin.googleapis.com/v1/projects/nepachat-dcc71/instances {"name":"web-fdc","region":"us-east4","databaseVersion":"POSTGRES_18","settings":{"tier":"db-f1-micro","edition":"ENTERPRISE","ipConfiguration":{"authorizedNetworks":[]},"enableGoogleMlIntegration":false,"databaseFlags":[{"name":"cloudsql.iam_authentication","value":"on"}],"storageAutoResize":false,"userLabels":{"firebase-data-connect":"ft"},"insightsConfig":{"queryInsightsEnabled":true,"queryPlansPerMinute":5,"queryStringLength":1024}}}
[debug] [2026-10-06T19:50:46.456Z] <<< [apiv2][status] POST https://sqladmin.googleapis.com/v1/projects/nepachat-dcc71/instances 200
[debug] [2026-10-06T19:50:46.456Z] <<< [apiv2][body] POST https://sqladmin.googleapis.com/v1/projects/nepachat-dcc71/instances {"kind":"sql#operation","targetLink":"https://www.googleapis.com/v1/projects/nepachat-dcc71/instances/web-fdc","status":"PENDING","user":"aftabaha12@gmail.com","insertTime":"2026-10-06T19:50:43.933Z","operationType":"CREATE","name":"bc6d4a31-4d1e-4620-abec-8f390000002c","targetId":"web-fdc","selfLink":"https://www.googleapis.com/v1/projects/nepachat-dcc71/operations/bc6d4a31-4d1e-4620-abec-8f390000002c","targetProject":"nepachat-dcc71"}
[info] i  dataconnect: Cloud SQL Instance web-fdc is being created.
This instance is provided under the terms of the SQL Connect no-cost trial https://firebase.google.com/pricing

   Meanwhile, your data are saved in a temporary database and will be migrated once complete. 
   Your free trial instance won't show in google cloud console until a billing account is added.
   However, you can still use the gcloud cli to monitor your database instance:

	e.g. gcloud sql instances list --project nepachat-dcc71
 
[debug] [2026-10-06T19:50:46.462Z] Checked if tokens are valid: true, expires at: 1791319698729
[debug] [2026-10-06T19:50:46.462Z] Checked if tokens are valid: true, expires at: 1791319698729
[debug] [2026-10-06T19:50:46.463Z] >>> [apiv2][query] POST https://firebasedataconnect.googleapis.com/v1/projects/nepachat-dcc71/locations/us-east4/services service_id=web
[debug] [2026-10-06T19:50:46.463Z] >>> [apiv2][body] POST https://firebasedataconnect.googleapis.com/v1/projects/nepachat-dcc71/locations/us-east4/services {"name":"projects/nepachat-dcc71/locations/us-east4/services/web"}
[debug] [2026-10-06T19:50:50.139Z] <<< [apiv2][status] POST https://firebasedataconnect.googleapis.com/v1/projects/nepachat-dcc71/locations/us-east4/services 200
[debug] [2026-10-06T19:50:50.139Z] <<< [apiv2][body] POST https://firebasedataconnect.googleapis.com/v1/projects/nepachat-dcc71/locations/us-east4/services {"name":"projects/nepachat-dcc71/locations/us-east4/operations/operation-1791316245884-65d3150842cb1-99b1b8b6-4532b421","metadata":{"@type":"type.googleapis.com/google.firebase.dataconnect.v1.OperationMetadata","createTime":"2026-10-06T19:50:47.653619152Z","target":"projects/nepachat-dcc71/locations/us-east4/services/web","verb":"create","requestedCancellation":false,"apiVersion":"v1"},"done":false}
[debug] [2026-10-06T19:50:50.142Z] Checked if tokens are valid: true, expires at: 1791319698729
[debug] [2026-10-06T19:50:50.143Z] Checked if tokens are valid: true, expires at: 1791319698729
[debug] [2026-10-06T19:50:50.143Z] >>> [apiv2][query] GET https://firebasedataconnect.googleapis.com/v1/projects/nepachat-dcc71/locations/us-east4/operations/operation-1791316245884-65d3150842cb1-99b1b8b6-4532b421 [none]
[debug] [2026-10-06T19:50:50.515Z] <<< [apiv2][status] GET https://firebasedataconnect.googleapis.com/v1/projects/nepachat-dcc71/locations/us-east4/operations/operation-1791316245884-65d3150842cb1-99b1b8b6-4532b421 200
[debug] [2026-10-06T19:50:50.516Z] <<< [apiv2][body] GET https://firebasedataconnect.googleapis.com/v1/projects/nepachat-dcc71/locations/us-east4/operations/operation-1791316245884-65d3150842cb1-99b1b8b6-4532b421 {"name":"projects/nepachat-dcc71/locations/us-east4/operations/operation-1791316245884-65d3150842cb1-99b1b8b6-4532b421","metadata":{"@type":"type.googleapis.com/google.firebase.dataconnect.v1.OperationMetadata","createTime":"2026-10-06T19:50:47.653619152Z","target":"projects/nepachat-dcc71/locations/us-east4/services/web","verb":"create","requestedCancellation":false,"apiVersion":"v1"},"done":false}
[debug] [2026-10-06T19:50:51.023Z] [LRO Poller] Retrying task index 0
[debug] [2026-10-06T19:50:51.024Z] Checked if tokens are valid: true, expires at: 1791319698729
[debug] [2026-10-06T19:50:51.024Z] Checked if tokens are valid: true, expires at: 1791319698729
[debug] [2026-10-06T19:50:51.025Z] >>> [apiv2][query] GET https://firebasedataconnect.googleapis.com/v1/projects/nepachat-dcc71/locations/us-east4/operations/operation-1791316245884-65d3150842cb1-99b1b8b6-4532b421 [none]
[debug] [2026-10-06T19:50:51.393Z] <<< [apiv2][status] GET https://firebasedataconnect.googleapis.com/v1/projects/nepachat-dcc71/locations/us-east4/operations/operation-1791316245884-65d3150842cb1-99b1b8b6-4532b421 200
[debug] [2026-10-06T19:50:51.394Z] <<< [apiv2][body] GET https://firebasedataconnect.googleapis.com/v1/projects/nepachat-dcc71/locations/us-east4/operations/operation-1791316245884-65d3150842cb1-99b1b8b6-4532b421 {"name":"projects/nepachat-dcc71/locations/us-east4/operations/operation-1791316245884-65d3150842cb1-99b1b8b6-4532b421","metadata":{"@type":"type.googleapis.com/google.firebase.dataconnect.v1.OperationMetadata","createTime":"2026-10-06T19:50:47.653619152Z","target":"projects/nepachat-dcc71/locations/us-east4/services/web","verb":"create","requestedCancellation":false,"apiVersion":"v1"},"done":false}
[debug] [2026-10-06T19:50:52.395Z] [LRO Poller] Retrying task index 0
[debug] [2026-10-06T19:50:52.395Z] Checked if tokens are valid: true, expires at: 1791319698729
[debug] [2026-10-06T19:50:52.396Z] Checked if tokens are valid: true, expires at: 1791319698729
[debug] [2026-10-06T19:50:52.396Z] >>> [apiv2][query] GET https://firebasedataconnect.googleapis.com/v1/projects/nepachat-dcc71/locations/us-east4/operations/operation-1791316245884-65d3150842cb1-99b1b8b6-4532b421 [none]
[debug] [2026-10-06T19:50:52.769Z] <<< [apiv2][status] GET https://firebasedataconnect.googleapis.com/v1/projects/nepachat-dcc71/locations/us-east4/operations/operation-1791316245884-65d3150842cb1-99b1b8b6-4532b421 200
[debug] [2026-10-06T19:50:52.769Z] <<< [apiv2][body] GET https://firebasedataconnect.googleapis.com/v1/projects/nepachat-dcc71/locations/us-east4/operations/operation-1791316245884-65d3150842cb1-99b1b8b6-4532b421 {"name":"projects/nepachat-dcc71/locations/us-east4/operations/operation-1791316245884-65d3150842cb1-99b1b8b6-4532b421","metadata":{"@type":"type.googleapis.com/google.firebase.dataconnect.v1.OperationMetadata","createTime":"2026-10-06T19:50:47.653619152Z","endTime":"2026-10-06T19:50:48.925492974Z","target":"projects/nepachat-dcc71/locations/us-east4/services/web","verb":"create","requestedCancellation":false,"apiVersion":"v1"},"done":true,"response":{"@type":"type.googleapis.com/google.firebase.dataconnect.v1.Service","name":"projects/nepachat-dcc71/locations/us-east4/services/web","createTime":"2026-10-06T19:50:47.649207288Z","updateTime":"2026-10-06T19:50:47.649207288Z","uid":"9a5b9899-f4c4-4089-b816-20e89adc5a5d","reconciling":false,"etag":"pGAtzrl4g1dSu5uQoJJzkHrKKZh7xEczFXNha0BCxnA"}}
[debug] [2026-10-06T19:50:52.778Z] [Agent Service] Reusable cURL command:\ncurl -X POST "https://firebasedataconnect.googleapis.com/v1/projects/nepachat-dcc71/locations/us-east4/services/-:generateSchema" -H "Content-Type: application/json" -H "Authorization: Bearer $(gcloud auth print-access-token)" -d '{"name":"projects/nepachat-dcc71/locations/us-east4/services/-","prompt":"like a whatsapp"}'
[debug] [2026-10-06T19:50:52.778Z] Checked if tokens are valid: true, expires at: 1791319698729
[debug] [2026-10-06T19:50:52.778Z] Checked if tokens are valid: true, expires at: 1791319698729
[debug] [2026-10-06T19:50:52.779Z] >>> [apiv2][query] POST https://firebasedataconnect.googleapis.com/v1/projects/nepachat-dcc71/locations/us-east4/services/-:generateSchema [none]
[debug] [2026-10-06T19:50:52.779Z] >>> [apiv2][body] POST https://firebasedataconnect.googleapis.com/v1/projects/nepachat-dcc71/locations/us-east4/services/-:generateSchema {"name":"projects/nepachat-dcc71/locations/us-east4/services/-","prompt":"like a whatsapp"}
[debug] [2026-10-06T19:50:54.624Z] <<< [apiv2][status] POST https://firebasedataconnect.googleapis.com/v1/projects/nepachat-dcc71/locations/us-east4/services/-:generateSchema 200
[debug] [2026-10-06T19:50:54.625Z] <<< [apiv2][body] POST https://firebasedataconnect.googleapis.com/v1/projects/nepachat-dcc71/locations/us-east4/services/-:generateSchema [stream]
[debug] [2026-10-06T19:50:58.974Z] Checked if tokens are valid: true, expires at: 1791319698729
[debug] [2026-10-06T19:50:58.974Z] Checked if tokens are valid: true, expires at: 1791319698729
[debug] [2026-10-06T19:50:58.974Z] [Agent Service] Reusable cURL command:\ncurl -X POST "https://firebasedataconnect.googleapis.com/v1/projects/nepachat-dcc71/locations/us-east4/services/-:generateQuery" -H "Content-Type: application/json" -H "Authorization: Bearer $(gcloud auth print-access-token)" -d '{"name":"projects/nepachat-dcc71/locations/us-east4/services/-","prompt":"Generate at least one create (insert/upsert), delete, update, get (read by key), and list operation for each table defined in the schema. For user-specific data, use the 'auth.uid' server value (e.g., id_expr: \"auth.uid\") or correct filters to secure user-owned data and require authentication using @auth(level: USER). For publicly accessible data, use @auth(level: PUBLIC, insecureReason: \"why is it OK to be public?\")","schemas":[{"name":"projects/nepachat-dcc71/locations/us-east4/services/web/schemas/main","datasources":[],"source":{"files":[{"path":"schema.gql","content":"type User @table {\n  phoneNumber: String!\n  displayName: String!\n  photoUrl: String\n  lastSeenAt: Timestamp\n}\n\ntype Chat @table {\n  type: String!\n  createdAt: Timestamp!\n  name: String\n  lastMessagePreview: String\n}\n\ntype Membership @table {\n  user: User!\n  chat: Chat!\n  joinedAt: Timestamp!\n  lastReadAt: Timestamp\n}\n\ntype Message @table {\n  chat: Chat!\n  sender: User!\n  content: String!\n  createdAt: Timestamp!\n  status: String\n}"}]}}]}'
[debug] [2026-10-06T19:50:58.975Z] Checked if tokens are valid: true, expires at: 1791319698729
[debug] [2026-10-06T19:50:58.975Z] Checked if tokens are valid: true, expires at: 1791319698729
[debug] [2026-10-06T19:50:58.975Z] [Agent Service] Reusable cURL command:\ncurl -X POST "https://firebasedataconnect.googleapis.com/v1/projects/nepachat-dcc71/locations/us-east4/services/-:generateQuery" -H "Content-Type: application/json" -H "Authorization: Bearer $(gcloud auth print-access-token)" -d '{"name":"projects/nepachat-dcc71/locations/us-east4/services/-","prompt":"Create a single mutation wrapped in a @transaction to populate the database with seed data. The mutation should call the insertMany action (e.g., table_insertMany) for all tables/entities defined in the schema, using fake data. Generate appropriate fake records (3 to 5 per table) conforming to the schema and including proper relationships/foreign keys.","schemas":[{"name":"projects/nepachat-dcc71/locations/us-east4/services/web/schemas/main","datasources":[],"source":{"files":[{"path":"schema.gql","content":"type User @table {\n  phoneNumber: String!\n  displayName: String!\n  photoUrl: String\n  lastSeenAt: Timestamp\n}\n\ntype Chat @table {\n  type: String!\n  createdAt: Timestamp!\n  name: String\n  lastMessagePreview: String\n}\n\ntype Membership @table {\n  user: User!\n  chat: Chat!\n  joinedAt: Timestamp!\n  lastReadAt: Timestamp\n}\n\ntype Message @table {\n  chat: Chat!\n  sender: User!\n  content: String!\n  createdAt: Timestamp!\n  status: String\n}"}]}}]}'
[debug] [2026-10-06T19:50:58.975Z] Checked if tokens are valid: true, expires at: 1791319698729
[debug] [2026-10-06T19:50:58.975Z] Checked if tokens are valid: true, expires at: 1791319698729
[debug] [2026-10-06T19:50:58.975Z] >>> [apiv2][query] PATCH https://firebasedataconnect.googleapis.com/v1/projects/nepachat-dcc71/locations/us-east4/services/web/schemas/main allowMissing=true&validateOnly=false
[debug] [2026-10-06T19:50:58.975Z] >>> [apiv2][body] PATCH https://firebasedataconnect.googleapis.com/v1/projects/nepachat-dcc71/locations/us-east4/services/web/schemas/main {"name":"projects/nepachat-dcc71/locations/us-east4/services/web/schemas/main","datasources":[{"postgresql":{"database":"fdcdb","cloudSql":{"instance":"projects/nepachat-dcc71/locations/us-east4/instances/web-fdc"},"schemaValidation":"NONE"}}],"source":{"files":[{"path":"schema.gql","content":"type User @table {\n  phoneNumber: String!\n  displayName: String!\n  photoUrl: String\n  lastSeenAt: Timestamp\n}\n\ntype Chat @table {\n  type: String!\n  createdAt: Timestamp!\n  name: String\n  lastMessagePreview: String\n}\n\ntype Membership @table {\n  user: User!\n  chat: Chat!\n  joinedAt: Timestamp!\n  lastReadAt: Timestamp\n}\n\ntype Message @table {\n  chat: Chat!\n  sender: User!\n  content: String!\n  createdAt: Timestamp!\n  status: String\n}"}]}}
[debug] [2026-10-06T19:50:58.976Z] >>> [apiv2][query] POST https://firebasedataconnect.googleapis.com/v1/projects/nepachat-dcc71/locations/us-east4/services/-:generateQuery [none]
[debug] [2026-10-06T19:50:58.976Z] >>> [apiv2][body] POST https://firebasedataconnect.googleapis.com/v1/projects/nepachat-dcc71/locations/us-east4/services/-:generateQuery {"name":"projects/nepachat-dcc71/locations/us-east4/services/-","prompt":"Generate at least one create (insert/upsert), delete, update, get (read by key), and list operation for each table defined in the schema. For user-specific data, use the 'auth.uid' server value (e.g., id_expr: \"auth.uid\") or correct filters to secure user-owned data and require authentication using @auth(level: USER). For publicly accessible data, use @auth(level: PUBLIC, insecureReason: \"why is it OK to be public?\")","schemas":[{"name":"projects/nepachat-dcc71/locations/us-east4/services/web/schemas/main","datasources":[],"source":{"files":[{"path":"schema.gql","content":"type User @table {\n  phoneNumber: String!\n  displayName: String!\n  photoUrl: String\n  lastSeenAt: Timestamp\n}\n\ntype Chat @table {\n  type: String!\n  createdAt: Timestamp!\n  name: String\n  lastMessagePreview: String\n}\n\ntype Membership @table {\n  user: User!\n  chat: Chat!\n  joinedAt: Timestamp!\n  lastReadAt: Timestamp\n}\n\ntype Message @table {\n  chat: Chat!\n  sender: User!\n  content: String!\n  createdAt: Timestamp!\n  status: String\n}"}]}}]}
[debug] [2026-10-06T19:50:58.977Z] >>> [apiv2][query] POST https://firebasedataconnect.googleapis.com/v1/projects/nepachat-dcc71/locations/us-east4/services/-:generateQuery [none]
[debug] [2026-10-06T19:50:58.977Z] >>> [apiv2][body] POST https://firebasedataconnect.googleapis.com/v1/projects/nepachat-dcc71/locations/us-east4/services/-:generateQuery {"name":"projects/nepachat-dcc71/locations/us-east4/services/-","prompt":"Create a single mutation wrapped in a @transaction to populate the database with seed data. The mutation should call the insertMany action (e.g., table_insertMany) for all tables/entities defined in the schema, using fake data. Generate appropriate fake records (3 to 5 per table) conforming to the schema and including proper relationships/foreign keys.","schemas":[{"name":"projects/nepachat-dcc71/locations/us-east4/services/web/schemas/main","datasources":[],"source":{"files":[{"path":"schema.gql","content":"type User @table {\n  phoneNumber: String!\n  displayName: String!\n  photoUrl: String\n  lastSeenAt: Timestamp\n}\n\ntype Chat @table {\n  type: String!\n  createdAt: Timestamp!\n  name: String\n  lastMessagePreview: String\n}\n\ntype Membership @table {\n  user: User!\n  chat: Chat!\n  joinedAt: Timestamp!\n  lastReadAt: Timestamp\n}\n\ntype Message @table {\n  chat: Chat!\n  sender: User!\n  content: String!\n  createdAt: Timestamp!\n  status: String\n}"}]}}]}
[debug] [2026-10-06T19:50:59.766Z] <<< [apiv2][status] PATCH https://firebasedataconnect.googleapis.com/v1/projects/nepachat-dcc71/locations/us-east4/services/web/schemas/main 200
[debug] [2026-10-06T19:50:59.766Z] <<< [apiv2][body] PATCH https://firebasedataconnect.googleapis.com/v1/projects/nepachat-dcc71/locations/us-east4/services/web/schemas/main {"name":"projects/nepachat-dcc71/locations/us-east4/operations/operation-1791316256876-65d31512be921-a75390b5-e6717fdf","metadata":{"@type":"type.googleapis.com/google.firebase.dataconnect.v1.OperationMetadata","createTime":"2026-10-06T19:50:57.286363920Z","target":"projects/nepachat-dcc71/locations/us-east4/services/web/schemas/main","verb":"update","requestedCancellation":false,"apiVersion":"v1"},"done":false}
[debug] [2026-10-06T19:50:59.767Z] Checked if tokens are valid: true, expires at: 1791319698729
[debug] [2026-10-06T19:50:59.767Z] Checked if tokens are valid: true, expires at: 1791319698729
[debug] [2026-10-06T19:50:59.768Z] >>> [apiv2][query] GET https://firebasedataconnect.googleapis.com/v1/projects/nepachat-dcc71/locations/us-east4/operations/operation-1791316256876-65d31512be921-a75390b5-e6717fdf [none]
[debug] [2026-10-06T19:51:00.134Z] <<< [apiv2][status] GET https://firebasedataconnect.googleapis.com/v1/projects/nepachat-dcc71/locations/us-east4/operations/operation-1791316256876-65d31512be921-a75390b5-e6717fdf 200
[debug] [2026-10-06T19:51:00.134Z] <<< [apiv2][body] GET https://firebasedataconnect.googleapis.com/v1/projects/nepachat-dcc71/locations/us-east4/operations/operation-1791316256876-65d31512be921-a75390b5-e6717fdf {"name":"projects/nepachat-dcc71/locations/us-east4/operations/operation-1791316256876-65d31512be921-a75390b5-e6717fdf","metadata":{"@type":"type.googleapis.com/google.firebase.dataconnect.v1.OperationMetadata","createTime":"2026-10-06T19:50:57.286363920Z","endTime":"2026-10-06T19:50:57.510538434Z","target":"projects/nepachat-dcc71/locations/us-east4/services/web/schemas/main","verb":"update","requestedCancellation":false,"apiVersion":"v1"},"done":true,"response":{"@type":"type.googleapis.com/google.firebase.dataconnect.v1.Schema","name":"projects/nepachat-dcc71/locations/us-east4/services/web/schemas/main","createTime":"2026-10-06T19:50:57.279228465Z","updateTime":"2026-10-06T19:50:57.279228465Z","source":{"files":[{"path":"schema.gql","content":"type User @table {\n  phoneNumber: String!\n  displayName: String!\n  photoUrl: String\n  lastSeenAt: Timestamp\n}\n\ntype Chat @table {\n  type: String!\n  createdAt: Timestamp!\n  name: String\n  lastMessagePreview: String\n}\n\ntype Membership @table {\n  user: User!\n  chat: Chat!\n  joinedAt: Timestamp!\n  lastReadAt: Timestamp\n}\n\ntype Message @table {\n  chat: Chat!\n  sender: User!\n  content: String!\n  createdAt: Timestamp!\n  status: String\n}"}]},"uid":"3a27d3cc-863e-47a9-9066-21a20c75ab4b","reconciling":false,"datasources":[{"postgresql":{"database":"fdcdb","cloudSql":{"instance":"projects/nepachat-dcc71/locations/us-east4/instances/web-fdc","edition":"EDITION_ENTERPRISE"},"schemaValidation":"NONE","ephemeral":true}}],"etag":"ZIUtBmWMguHE2vyMnYwTfQ-SOTdECU0JXp5vJgY-8so"}}
[debug] [2026-10-06T19:51:00.135Z] Checked if tokens are valid: true, expires at: 1791319698729
[debug] [2026-10-06T19:51:00.136Z] Checked if tokens are valid: true, expires at: 1791319698729
[debug] [2026-10-06T19:51:00.137Z] >>> [apiv2][query] PATCH https://firebasedataconnect.googleapis.com/v1/projects/nepachat-dcc71/locations/us-east4/services/web/schemas/main allowMissing=true&validateOnly=false
[debug] [2026-10-06T19:51:00.137Z] >>> [apiv2][body] PATCH https://firebasedataconnect.googleapis.com/v1/projects/nepachat-dcc71/locations/us-east4/services/web/schemas/main {"name":"projects/nepachat-dcc71/locations/us-east4/services/web/schemas/main","datasources":[{"postgresql":{"database":"fdcdb","cloudSql":{"instance":"projects/nepachat-dcc71/locations/us-east4/instances/web-fdc"},"schemaMigration":"MIGRATE_COMPATIBLE"}}],"source":{"files":[{"path":"schema.gql","content":"type User @table {\n  phoneNumber: String!\n  displayName: String!\n  photoUrl: String\n  lastSeenAt: Timestamp\n}\n\ntype Chat @table {\n  type: String!\n  createdAt: Timestamp!\n  name: String\n  lastMessagePreview: String\n}\n\ntype Membership @table {\n  user: User!\n  chat: Chat!\n  joinedAt: Timestamp!\n  lastReadAt: Timestamp\n}\n\ntype Message @table {\n  chat: Chat!\n  sender: User!\n  content: String!\n  createdAt: Timestamp!\n  status: String\n}"}]}}
[debug] [2026-10-06T19:51:00.850Z] <<< [apiv2][status] POST https://firebasedataconnect.googleapis.com/v1/projects/nepachat-dcc71/locations/us-east4/services/-:generateQuery 200
[debug] [2026-10-06T19:51:00.850Z] <<< [apiv2][body] POST https://firebasedataconnect.googleapis.com/v1/projects/nepachat-dcc71/locations/us-east4/services/-:generateQuery [stream]
[debug] [2026-10-06T19:51:00.885Z] <<< [apiv2][status] POST https://firebasedataconnect.googleapis.com/v1/projects/nepachat-dcc71/locations/us-east4/services/-:generateQuery 200
[debug] [2026-10-06T19:51:00.885Z] <<< [apiv2][body] POST https://firebasedataconnect.googleapis.com/v1/projects/nepachat-dcc71/locations/us-east4/services/-:generateQuery [stream]
[debug] [2026-10-06T19:51:01.018Z] <<< [apiv2][status] PATCH https://firebasedataconnect.googleapis.com/v1/projects/nepachat-dcc71/locations/us-east4/services/web/schemas/main 200
[debug] [2026-10-06T19:51:01.018Z] <<< [apiv2][body] PATCH https://firebasedataconnect.googleapis.com/v1/projects/nepachat-dcc71/locations/us-east4/services/web/schemas/main {"name":"projects/nepachat-dcc71/locations/us-east4/operations/operation-1791316258032-65d31513d8b63-da8c69fa-3024231f","metadata":{"@type":"type.googleapis.com/google.firebase.dataconnect.v1.OperationMetadata","createTime":"2026-10-06T19:50:58.533298551Z","target":"projects/nepachat-dcc71/locations/us-east4/services/web/schemas/main","verb":"update","requestedCancellation":false,"apiVersion":"v1"},"done":false}
[debug] [2026-10-06T19:51:01.019Z] Checked if tokens are valid: true, expires at: 1791319698729
[debug] [2026-10-06T19:51:01.019Z] Checked if tokens are valid: true, expires at: 1791319698729
[debug] [2026-10-06T19:51:01.020Z] >>> [apiv2][query] GET https://firebasedataconnect.googleapis.com/v1/projects/nepachat-dcc71/locations/us-east4/operations/operation-1791316258032-65d31513d8b63-da8c69fa-3024231f [none]
[debug] [2026-10-06T19:51:01.368Z] <<< [apiv2][status] GET https://firebasedataconnect.googleapis.com/v1/projects/nepachat-dcc71/locations/us-east4/operations/operation-1791316258032-65d31513d8b63-da8c69fa-3024231f 200
[debug] [2026-10-06T19:51:01.368Z] <<< [apiv2][body] GET https://firebasedataconnect.googleapis.com/v1/projects/nepachat-dcc71/locations/us-east4/operations/operation-1791316258032-65d31513d8b63-da8c69fa-3024231f {"name":"projects/nepachat-dcc71/locations/us-east4/operations/operation-1791316258032-65d31513d8b63-da8c69fa-3024231f","metadata":{"@type":"type.googleapis.com/google.firebase.dataconnect.v1.OperationMetadata","createTime":"2026-10-06T19:50:58.533298551Z","target":"projects/nepachat-dcc71/locations/us-east4/services/web/schemas/main","verb":"update","requestedCancellation":false,"apiVersion":"v1"},"done":false}
[debug] [2026-10-06T19:51:01.874Z] [LRO Poller] Retrying task index 0
[debug] [2026-10-06T19:51:01.875Z] Checked if tokens are valid: true, expires at: 1791319698729
[debug] [2026-10-06T19:51:01.875Z] Checked if tokens are valid: true, expires at: 1791319698729
[debug] [2026-10-06T19:51:01.876Z] >>> [apiv2][query] GET https://firebasedataconnect.googleapis.com/v1/projects/nepachat-dcc71/locations/us-east4/operations/operation-1791316258032-65d31513d8b63-da8c69fa-3024231f [none]
[debug] [2026-10-06T19:51:02.226Z] <<< [apiv2][status] GET https://firebasedataconnect.googleapis.com/v1/projects/nepachat-dcc71/locations/us-east4/operations/operation-1791316258032-65d31513d8b63-da8c69fa-3024231f 200
[debug] [2026-10-06T19:51:02.226Z] <<< [apiv2][body] GET https://firebasedataconnect.googleapis.com/v1/projects/nepachat-dcc71/locations/us-east4/operations/operation-1791316258032-65d31513d8b63-da8c69fa-3024231f {"name":"projects/nepachat-dcc71/locations/us-east4/operations/operation-1791316258032-65d31513d8b63-da8c69fa-3024231f","metadata":{"@type":"type.googleapis.com/google.firebase.dataconnect.v1.OperationMetadata","createTime":"2026-10-06T19:50:58.533298551Z","target":"projects/nepachat-dcc71/locations/us-east4/services/web/schemas/main","verb":"update","requestedCancellation":false,"apiVersion":"v1"},"done":false}
[debug] [2026-10-06T19:51:03.239Z] [LRO Poller] Retrying task index 0
[debug] [2026-10-06T19:51:03.239Z] Checked if tokens are valid: true, expires at: 1791319698729
[debug] [2026-10-06T19:51:03.240Z] Checked if tokens are valid: true, expires at: 1791319698729
[debug] [2026-10-06T19:51:03.240Z] >>> [apiv2][query] GET https://firebasedataconnect.googleapis.com/v1/projects/nepachat-dcc71/locations/us-east4/operations/operation-1791316258032-65d31513d8b63-da8c69fa-3024231f [none]
[debug] [2026-10-06T19:51:03.605Z] <<< [apiv2][status] GET https://firebasedataconnect.googleapis.com/v1/projects/nepachat-dcc71/locations/us-east4/operations/operation-1791316258032-65d31513d8b63-da8c69fa-3024231f 200
[debug] [2026-10-06T19:51:03.605Z] <<< [apiv2][body] GET https://firebasedataconnect.googleapis.com/v1/projects/nepachat-dcc71/locations/us-east4/operations/operation-1791316258032-65d31513d8b63-da8c69fa-3024231f {"name":"projects/nepachat-dcc71/locations/us-east4/operations/operation-1791316258032-65d31513d8b63-da8c69fa-3024231f","metadata":{"@type":"type.googleapis.com/google.firebase.dataconnect.v1.OperationMetadata","createTime":"2026-10-06T19:50:58.533298551Z","target":"projects/nepachat-dcc71/locations/us-east4/services/web/schemas/main","verb":"update","requestedCancellation":false,"apiVersion":"v1"},"done":false}
[debug] [2026-10-06T19:51:05.613Z] [LRO Poller] Retrying task index 0
[debug] [2026-10-06T19:51:05.614Z] Checked if tokens are valid: true, expires at: 1791319698729
[debug] [2026-10-06T19:51:05.615Z] Checked if tokens are valid: true, expires at: 1791319698729
[debug] [2026-10-06T19:51:05.615Z] >>> [apiv2][query] GET https://firebasedataconnect.googleapis.com/v1/projects/nepachat-dcc71/locations/us-east4/operations/operation-1791316258032-65d31513d8b63-da8c69fa-3024231f [none]
[debug] [2026-10-06T19:51:05.965Z] <<< [apiv2][status] GET https://firebasedataconnect.googleapis.com/v1/projects/nepachat-dcc71/locations/us-east4/operations/operation-1791316258032-65d31513d8b63-da8c69fa-3024231f 200
[debug] [2026-10-06T19:51:05.965Z] <<< [apiv2][body] GET https://firebasedataconnect.googleapis.com/v1/projects/nepachat-dcc71/locations/us-east4/operations/operation-1791316258032-65d31513d8b63-da8c69fa-3024231f {"name":"projects/nepachat-dcc71/locations/us-east4/operations/operation-1791316258032-65d31513d8b63-da8c69fa-3024231f","metadata":{"@type":"type.googleapis.com/google.firebase.dataconnect.v1.OperationMetadata","createTime":"2026-10-06T19:50:58.533298551Z","target":"projects/nepachat-dcc71/locations/us-east4/services/web/schemas/main","verb":"update","requestedCancellation":false,"apiVersion":"v1"},"done":false}
[debug] [2026-10-06T19:51:09.972Z] [LRO Poller] Retrying task index 0
[debug] [2026-10-06T19:51:09.973Z] Checked if tokens are valid: true, expires at: 1791319698729
[debug] [2026-10-06T19:51:09.973Z] Checked if tokens are valid: true, expires at: 1791319698729
[debug] [2026-10-06T19:51:09.973Z] >>> [apiv2][query] GET https://firebasedataconnect.googleapis.com/v1/projects/nepachat-dcc71/locations/us-east4/operations/operation-1791316258032-65d31513d8b63-da8c69fa-3024231f [none]
[debug] [2026-10-06T19:51:11.852Z] <<< [apiv2][status] GET https://firebasedataconnect.googleapis.com/v1/projects/nepachat-dcc71/locations/us-east4/operations/operation-1791316258032-65d31513d8b63-da8c69fa-3024231f 200
[debug] [2026-10-06T19:51:11.853Z] <<< [apiv2][body] GET https://firebasedataconnect.googleapis.com/v1/projects/nepachat-dcc71/locations/us-east4/operations/operation-1791316258032-65d31513d8b63-da8c69fa-3024231f {"name":"projects/nepachat-dcc71/locations/us-east4/operations/operation-1791316258032-65d31513d8b63-da8c69fa-3024231f","metadata":{"@type":"type.googleapis.com/google.firebase.dataconnect.v1.OperationMetadata","createTime":"2026-10-06T19:50:58.533298551Z","target":"projects/nepachat-dcc71/locations/us-east4/services/web/schemas/main","verb":"update","requestedCancellation":false,"apiVersion":"v1"},"done":false}
[info] +  Wrote dataconnect\dataconnect.yaml 
[info] +  Wrote dataconnect\seed_data.gql 
[info] +  Wrote dataconnect\schema\schema.gql 
[info] +  Wrote dataconnect\example\connector.yaml 
[info] +  Wrote dataconnect\example\queries.gql 
[info] +  Wrote dataconnect\example\connector.yaml 
[info] i  dataconnect: Installing the generated SDKs ... 
[info] i  dataconnect: downloading dataconnect-emulator-3.4.22.exe... {"metadata":{"emulator":{"name":"dataconnect"},"message":"downloading dataconnect-emulator-3.4.22.exe..."}}
[debug] [2026-10-06T19:51:12.242Z] >>> [apiv2][query] GET https://storage.googleapis.com/firemat-preview-drop/emulator/dataconnect-emulator-windows-amd64-v3.4.22 
[debug] [2026-10-06T19:51:12.739Z] <<< [apiv2][status] GET https://storage.googleapis.com/firemat-preview-drop/emulator/dataconnect-emulator-windows-amd64-v3.4.22 200
[debug] [2026-10-06T19:51:12.739Z] <<< [apiv2][body] GET https://storage.googleapis.com/firemat-preview-drop/emulator/dataconnect-emulator-windows-amd64-v3.4.22 [stream]
[debug] [2026-10-06T19:51:17.593Z] defaultcredentials: writing to file C:\Users\Aftab\AppData\Roaming\firebase\aftabaha12_gmail_com_application_default_credentials.json
[debug] [2026-10-06T19:51:21.385Z] [LRO Poller] Retrying task index 0
[debug] [2026-10-06T19:51:21.385Z] Checked if tokens are valid: true, expires at: 1791319698729
[debug] [2026-10-06T19:51:21.385Z] Checked if tokens are valid: true, expires at: 1791319698729
[debug] [2026-10-06T19:51:21.385Z] >>> [apiv2][query] GET https://firebasedataconnect.googleapis.com/v1/projects/nepachat-dcc71/locations/us-east4/operations/operation-1791316258032-65d31513d8b63-da8c69fa-3024231f [none]
[debug] [2026-10-06T19:51:23.311Z] <<< [apiv2][status] GET https://firebasedataconnect.googleapis.com/v1/projects/nepachat-dcc71/locations/us-east4/operations/operation-1791316258032-65d31513d8b63-da8c69fa-3024231f 200
[debug] [2026-10-06T19:51:23.312Z] <<< [apiv2][body] GET https://firebasedataconnect.googleapis.com/v1/projects/nepachat-dcc71/locations/us-east4/operations/operation-1791316258032-65d31513d8b63-da8c69fa-3024231f {"name":"projects/nepachat-dcc71/locations/us-east4/operations/operation-1791316258032-65d31513d8b63-da8c69fa-3024231f","metadata":{"@type":"type.googleapis.com/google.firebase.dataconnect.v1.OperationMetadata","createTime":"2026-10-06T19:50:58.533298551Z","target":"projects/nepachat-dcc71/locations/us-east4/services/web/schemas/main","verb":"update","requestedCancellation":false,"apiVersion":"v1"},"done":false}
[info] +  dataconnect: Installed generated SDKs for . (web) 
[info] i  Visit https://firebase.google.com/docs/data-connect/web-sdk#react for more information on how to set up React Generated SDKs for Firebase SQL Connect 
[info] 
=== Firestore Setup
[info] i  firestore: ensuring required API firestore.googleapis.com is enabled... 
[debug] [2026-10-06T19:51:29.245Z] Checked if tokens are valid: true, expires at: 1791319698729
[debug] [2026-10-06T19:51:29.245Z] Checked if tokens are valid: true, expires at: 1791319698729
[debug] [2026-10-06T19:51:29.246Z] >>> [apiv2][query] GET https://serviceusage.googleapis.com/v1/projects/nepachat-dcc71/services/firestore.googleapis.com [none]
[debug] [2026-10-06T19:51:29.246Z] >>> [apiv2][(partial)header] GET https://serviceusage.googleapis.com/v1/projects/nepachat-dcc71/services/firestore.googleapis.com  x-goog-user-project=nepachat-dcc71
[debug] [2026-10-06T19:51:31.435Z] <<< [apiv2][status] GET https://serviceusage.googleapis.com/v1/projects/nepachat-dcc71/services/firestore.googleapis.com 200
[debug] [2026-10-06T19:51:31.436Z] <<< [apiv2][body] GET https://serviceusage.googleapis.com/v1/projects/nepachat-dcc71/services/firestore.googleapis.com [omitted]
[warn] !  firestore: missing required API firestore.googleapis.com. Enabling now... 
[debug] [2026-10-06T19:51:31.437Z] Checked if tokens are valid: true, expires at: 1791319698729
[debug] [2026-10-06T19:51:31.437Z] Checked if tokens are valid: true, expires at: 1791319698729
[debug] [2026-10-06T19:51:31.438Z] >>> [apiv2][query] POST https://serviceusage.googleapis.com/v1/projects/nepachat-dcc71/services/firestore.googleapis.com:enable [none]
[debug] [2026-10-06T19:51:31.438Z] >>> [apiv2][(partial)header] POST https://serviceusage.googleapis.com/v1/projects/nepachat-dcc71/services/firestore.googleapis.com:enable  x-goog-user-project=nepachat-dcc71
[debug] [2026-10-06T19:51:33.375Z] <<< [apiv2][status] POST https://serviceusage.googleapis.com/v1/projects/nepachat-dcc71/services/firestore.googleapis.com:enable 200
[debug] [2026-10-06T19:51:33.375Z] <<< [apiv2][body] POST https://serviceusage.googleapis.com/v1/projects/nepachat-dcc71/services/firestore.googleapis.com:enable [omitted]
[debug] [2026-10-06T19:51:39.317Z] [LRO Poller] Retrying task index 0
[debug] [2026-10-06T19:51:39.317Z] Checked if tokens are valid: true, expires at: 1791319698729
[debug] [2026-10-06T19:51:39.318Z] Checked if tokens are valid: true, expires at: 1791319698729
[debug] [2026-10-06T19:51:39.318Z] >>> [apiv2][query] GET https://firebasedataconnect.googleapis.com/v1/projects/nepachat-dcc71/locations/us-east4/operations/operation-1791316258032-65d31513d8b63-da8c69fa-3024231f [none]
[debug] [2026-10-06T19:51:41.226Z] <<< [apiv2][status] GET https://firebasedataconnect.googleapis.com/v1/projects/nepachat-dcc71/locations/us-east4/operations/operation-1791316258032-65d31513d8b63-da8c69fa-3024231f 200
[debug] [2026-10-06T19:51:41.226Z] <<< [apiv2][body] GET https://firebasedataconnect.googleapis.com/v1/projects/nepachat-dcc71/locations/us-east4/operations/operation-1791316258032-65d31513d8b63-da8c69fa-3024231f {"name":"projects/nepachat-dcc71/locations/us-east4/operations/operation-1791316258032-65d31513d8b63-da8c69fa-3024231f","metadata":{"@type":"type.googleapis.com/google.firebase.dataconnect.v1.OperationMetadata","createTime":"2026-10-06T19:50:58.533298551Z","target":"projects/nepachat-dcc71/locations/us-east4/services/web/schemas/main","verb":"update","requestedCancellation":false,"apiVersion":"v1"},"done":false}
[debug] [2026-10-06T19:51:43.386Z] Checked if tokens are valid: true, expires at: 1791319698729
[debug] [2026-10-06T19:51:43.386Z] Checked if tokens are valid: true, expires at: 1791319698729
[debug] [2026-10-06T19:51:43.386Z] >>> [apiv2][query] GET https://firestore.googleapis.com/v1/projects/nepachat-dcc71/databases [none]
[debug] [2026-10-06T19:51:44.104Z] <<< [apiv2][status] GET https://firestore.googleapis.com/v1/projects/nepachat-dcc71/databases 200
[debug] [2026-10-06T19:51:44.104Z] <<< [apiv2][body] GET https://firestore.googleapis.com/v1/projects/nepachat-dcc71/databases {}
[debug] [2026-10-06T19:51:44.105Z] Checked if tokens are valid: true, expires at: 1791319698729
[debug] [2026-10-06T19:51:44.105Z] Checked if tokens are valid: true, expires at: 1791319698729
[debug] [2026-10-06T19:51:44.105Z] >>> [apiv2][query] GET https://firestore.googleapis.com/v1/projects/nepachat-dcc71/locations [none]
[debug] [2026-10-06T19:51:44.518Z] <<< [apiv2][status] GET https://firestore.googleapis.com/v1/projects/nepachat-dcc71/locations 200
[debug] [2026-10-06T19:51:44.518Z] <<< [apiv2][body] GET https://firestore.googleapis.com/v1/projects/nepachat-dcc71/locations {"locations":[{"name":"projects/nepachat-dcc71/locations/eur3","labels":{"appengine.googleapis.com/geo":"europe-west","cloud.googleapis.com/location":"eur3","cloud.googleapis.com/geo":"eur3"},"metadata":{"@type":"type.googleapis.com/google.firestore.admin.v1.LocationMetadata"},"locationId":"eur3","displayName":"Europe"},{"name":"projects/nepachat-dcc71/locations/nam5","labels":{"appengine.googleapis.com/geo":"us-central","cloud.googleapis.com/location":"nam5","cloud.googleapis.com/geo":"nam5"},"metadata":{"@type":"type.googleapis.com/google.firestore.admin.v1.LocationMetadata"},"locationId":"nam5","displayName":"United States"},{"name":"projects/nepachat-dcc71/locations/nam7","labels":{"cloud.googleapis.com/location":"nam7","cloud.googleapis.com/geo":"nam7"},"metadata":{"@type":"type.googleapis.com/google.firestore.admin.v1.LocationMetadata"},"locationId":"nam7","displayName":"United States"},{"name":"projects/nepachat-dcc71/locations/africa-south1","labels":{"cloud.googleapis.com/location":"africa-south1","cloud.googleapis.com/region":"africa-south1"},"metadata":{"@type":"type.googleapis.com/google.firestore.admin.v1.LocationMetadata"},"locationId":"africa-south1","displayName":"Johannesburg"},{"name":"projects/nepachat-dcc71/locations/asia-east1","labels":{"appengine.googleapis.com/region":"asia-east1","cloud.googleapis.com/location":"asia-east1","cloud.googleapis.com/region":"asia-east1"},"metadata":{"@type":"type.googleapis.com/google.firestore.admin.v1.LocationMetadata"},"locationId":"asia-east1","displayName":"Taiwan"},{"name":"projects/nepachat-dcc71/locations/asia-east2","labels":{"appengine.googleapis.com/region":"asia-east2","cloud.googleapis.com/location":"asia-east2","cloud.googleapis.com/region":"asia-east2"},"metadata":{"@type":"type.googleapis.com/google.firestore.admin.v1.LocationMetadata"},"locationId":"asia-east2","displayName":"Hong Kong"},{"name":"projects/nepachat-dcc71/locations/asia-northeast1","labels":{"appengine.googleapis.com/region":"asia-northeast1","cloud.googleapis.com/location":"asia-northeast1","cloud.googleapis.com/region":"asia-northeast1"},"metadata":{"@type":"type.googleapis.com/google.firestore.admin.v1.LocationMetadata"},"locationId":"asia-northeast1","displayName":"Tokyo"},{"name":"projects/nepachat-dcc71/locations/asia-northeast2","labels":{"appengine.googleapis.com/region":"asia-northeast2","cloud.googleapis.com/location":"asia-northeast2","cloud.googleapis.com/region":"asia-northeast2"},"metadata":{"@type":"type.googleapis.com/google.firestore.admin.v1.LocationMetadata"},"locationId":"asia-northeast2","displayName":"Osaka"},{"name":"projects/nepachat-dcc71/locations/asia-northeast3","labels":{"appengine.googleapis.com/region":"asia-northeast3","cloud.googleapis.com/location":"asia-northeast3","cloud.googleapis.com/region":"asia-northeast3"},"metadata":{"@type":"type.googleapis.com/google.firestore.admin.v1.LocationMetadata"},"locationId":"asia-northeast3","displayName":"Seoul"},{"name":"projects/nepachat-dcc71/locations/asia-south1","labels":{"appengine.googleapis.com/region":"asia-south1","cloud.googleapis.com/location":"asia-south1","cloud.googleapis.com/region":"asia-south1"},"metadata":{"@type":"type.googleapis.com/google.firestore.admin.v1.LocationMetadata"},"locationId":"asia-south1","displayName":"Mumbai"},{"name":"projects/nepachat-dcc71/locations/asia-south2","labels":{"cloud.googleapis.com/location":"asia-south2","cloud.googleapis.com/region":"asia-south2"},"metadata":{"@type":"type.googleapis.com/google.firestore.admin.v1.LocationMetadata"},"locationId":"asia-south2","displayName":"Delhi"},{"name":"projects/nepachat-dcc71/locations/asia-southeast1","labels":{"appengine.googleapis.com/region":"asia-southeast1","cloud.googleapis.com/location":"asia-southeast1","cloud.googleapis.com/region":"asia-southeast1"},"metadata":{"@type":"type.googleapis.com/google.firestore.admin.v1.LocationMetadata"},"locationId":"asia-southeast1","displayName":"Singapore"},{"name":"projects/nepachat-dcc71/locations/asia-southeast2","labels":{"appengine.googleapis.com/region":"asia-southeast2","cloud.googleapis.com/location":"asia-southeast2","cloud.googleapis.com/region":"asia-southeast2"},"metadata":{"@type":"type.googleapis.com/google.firestore.admin.v1.LocationMetadata"},"locationId":"asia-southeast2","displayName":"Jakarta"},{"name":"projects/nepachat-dcc71/locations/asia-southeast3","labels":{"cloud.googleapis.com/location":"asia-southeast3","cloud.googleapis.com/region":"asia-southeast3"},"metadata":{"@type":"type.googleapis.com/google.firestore.admin.v1.LocationMetadata"},"locationId":"asia-southeast3","displayName":"Bangkok"},{"name":"projects/nepachat-dcc71/locations/australia-southeast1","labels":{"appengine.googleapis.com/region":"australia-southeast1","cloud.googleapis.com/location":"australia-southeast1","cloud.googleapis.com/region":"australia-southeast1"},"metadata":{"@type":"type.googleapis.com/google.firestore.admin.v1.LocationMetadata"},"locationId":"australia-southeast1","displayName":"Sydney"},{"name":"projects/nepachat-dcc71/locations/australia-southeast2","labels":{"cloud.googleapis.com/location":"australia-southeast2","cloud.googleapis.com/region":"australia-southeast2"},"metadata":{"@type":"type.googleapis.com/google.firestore.admin.v1.LocationMetadata"},"locationId":"australia-southeast2","displayName":"Melbourne"},{"name":"projects/nepachat-dcc71/locations/europe-central2","labels":{"appengine.googleapis.com/region":"europe-central2","cloud.googleapis.com/location":"europe-central2","cloud.googleapis.com/region":"europe-central2"},"metadata":{"@type":"type.googleapis.com/google.firestore.admin.v1.LocationMetadata"},"locationId":"europe-central2","displayName":"Warsaw"},{"name":"projects/nepachat-dcc71/locations/europe-north1","labels":{"cloud.googleapis.com/location":"europe-north1","cloud.googleapis.com/region":"europe-north1"},"metadata":{"@type":"type.googleapis.com/google.firestore.admin.v1.LocationMetadata"},"locationId":"europe-north1","displayName":"Finland"},{"name":"projects/nepachat-dcc71/locations/europe-north2","labels":{"cloud.googleapis.com/location":"europe-north2","cloud.googleapis.com/region":"europe-north2"},"metadata":{"@type":"type.googleapis.com/google.firestore.admin.v1.LocationMetadata"},"locationId":"europe-north2","displayName":"Stockholm"},{"name":"projects/nepachat-dcc71/locations/europe-southwest1","labels":{"cloud.googleapis.com/location":"europe-southwest1","cloud.googleapis.com/region":"europe-southwest1"},"metadata":{"@type":"type.googleapis.com/google.firestore.admin.v1.LocationMetadata"},"locationId":"europe-southwest1","displayName":"Madrid"},{"name":"projects/nepachat-dcc71/locations/europe-west1","labels":{"cloud.googleapis.com/location":"europe-west1","cloud.googleapis.com/region":"europe-west1"},"metadata":{"@type":"type.googleapis.com/google.firestore.admin.v1.LocationMetadata"},"locationId":"europe-west1","displayName":"Belgium"},{"name":"projects/nepachat-dcc71/locations/europe-west10","labels":{"cloud.googleapis.com/location":"europe-west10","cloud.googleapis.com/region":"europe-west10"},"metadata":{"@type":"type.googleapis.com/google.firestore.admin.v1.LocationMetadata"},"locationId":"europe-west10","displayName":"Berlin"},{"name":"projects/nepachat-dcc71/locations/europe-west12","labels":{"cloud.googleapis.com/location":"europe-west12","cloud.googleapis.com/region":"europe-west12"},"metadata":{"@type":"type.googleapis.com/google.firestore.admin.v1.LocationMetadata"},"locationId":"europe-west12","displayName":"Turin"},{"name":"projects/nepachat-dcc71/locations/europe-west2","labels":{"appengine.googleapis.com/region":"europe-west2","cloud.googleapis.com/location":"europe-west2","cloud.googleapis.com/region":"europe-west2"},"metadata":{"@type":"type.googleapis.com/google.firestore.admin.v1.LocationMetadata"},"locationId":"europe-west2","displayName":"London"},{"name":"projects/nepachat-dcc71/locations/europe-west3","labels":{"appengine.googleapis.com/region":"europe-west3","cloud.googleapis.com/location":"europe-west3","cloud.googleapis.com/region":"europe-west3"},"metadata":{"@type":"type.googleapis.com/google.firestore.admin.v1.LocationMetadata"},"locationId":"europe-west3","displayName":"Frankfurt"},{"name":"projects/nepachat-dcc71/locations/europe-west4","labels":{"cloud.googleapis.com/location":"europe-west4","cloud.googleapis.com/region":"europe-west4"},"metadata":{"@type":"type.googleapis.com/google.firestore.admin.v1.LocationMetadata"},"locationId":"europe-west4","displayName":"Netherlands"},{"name":"projects/nepachat-dcc71/locations/europe-west6","labels":{"appengine.googleapis.com/region":"europe-west6","cloud.googleapis.com/location":"europe-west6","cloud.googleapis.com/region":"europe-west6"},"metadata":{"@type":"type.googleapis.com/google.firestore.admin.v1.LocationMetadata"},"locationId":"europe-west6","displayName":"Zurich"},{"name":"projects/nepachat-dcc71/locations/europe-west8","labels":{"cloud.googleapis.com/location":"europe-west8","cloud.googleapis.com/region":"europe-west8"},"metadata":{"@type":"type.googleapis.com/google.firestore.admin.v1.LocationMetadata"},"locationId":"europe-west8","displayName":"Milan"},{"name":"projects/nepachat-dcc71/locations/europe-west9","labels":{"cloud.googleapis.com/location":"europe-west9","cloud.googleapis.com/region":"europe-west9"},"metadata":{"@type":"type.googleapis.com/google.firestore.admin.v1.LocationMetadata"},"locationId":"europe-west9","displayName":"Paris"},{"name":"projects/nepachat-dcc71/locations/me-central1","labels":{"cloud.googleapis.com/location":"me-central1","cloud.googleapis.com/region":"me-central1"},"metadata":{"@type":"type.googleapis.com/google.firestore.admin.v1.LocationMetadata"},"locationId":"me-central1","displayName":"Doha"},{"name":"projects/nepachat-dcc71/locations/me-central2","labels":{"cloud.googleapis.com/location":"me-central2","cloud.googleapis.com/region":"me-central2"},"metadata":{"@type":"type.googleapis.com/google.firestore.admin.v1.LocationMetadata"},"locationId":"me-central2","displayName":"Dammam"},{"name":"projects/nepachat-dcc71/locations/me-west1","labels":{"cloud.googleapis.com/location":"me-west1","cloud.googleapis.com/region":"me-west1"},"metadata":{"@type":"type.googleapis.com/google.firestore.admin.v1.LocationMetadata"},"locationId":"me-west1","displayName":"Tel Aviv"},{"name":"projects/nepachat-dcc71/locations/northamerica-northeast1","labels":{"appengine.googleapis.com/region":"northamerica-northeast1","cloud.googleapis.com/location":"northamerica-northeast1","cloud.googleapis.com/region":"northamerica-northeast1"},"metadata":{"@type":"type.googleapis.com/google.firestore.admin.v1.LocationMetadata"},"locationId":"northamerica-northeast1","displayName":"Montréal"},{"name":"projects/nepachat-dcc71/locations/northamerica-northeast2","labels":{"cloud.googleapis.com/location":"northamerica-northeast2","cloud.googleapis.com/region":"northamerica-northeast2"},"metadata":{"@type":"type.googleapis.com/google.firestore.admin.v1.LocationMetadata"},"locationId":"northamerica-northeast2","displayName":"Toronto"},{"name":"projects/nepachat-dcc71/locations/northamerica-south1","labels":{"cloud.googleapis.com/location":"northamerica-south1","cloud.googleapis.com/region":"northamerica-south1"},"metadata":{"@type":"type.googleapis.com/google.firestore.admin.v1.LocationMetadata"},"locationId":"northamerica-south1","displayName":"Mexico"},{"name":"projects/nepachat-dcc71/locations/southamerica-east1","labels":{"appengine.googleapis.com/region":"southamerica-east1","cloud.googleapis.com/location":"southamerica-east1","cloud.googleapis.com/region":"southamerica-east1"},"metadata":{"@type":"type.googleapis.com/google.firestore.admin.v1.LocationMetadata"},"locationId":"southamerica-east1","displayName":"São Paulo"},{"name":"projects/nepachat-dcc71/locations/southamerica-west1","labels":{"cloud.googleapis.com/location":"southamerica-west1","cloud.googleapis.com/region":"southamerica-west1"},"metadata":{"@type":"type.googleapis.com/google.firestore.admin.v1.LocationMetadata"},"locationId":"southamerica-west1","displayName":"Santiago"},{"name":"projects/nepachat-dcc71/locations/us-central1","labels":{"cloud.googleapis.com/location":"us-central1","cloud.googleapis.com/region":"us-central1"},"metadata":{"@type":"type.googleapis.com/google.firestore.admin.v1.LocationMetadata"},"locationId":"us-central1","displayName":"Iowa"},{"name":"projects/nepachat-dcc71/locations/us-east1","labels":{"appengine.googleapis.com/region":"us-east1","cloud.googleapis.com/location":"us-east1","cloud.googleapis.com/region":"us-east1"},"metadata":{"@type":"type.googleapis.com/google.firestore.admin.v1.LocationMetadata"},"locationId":"us-east1","displayName":"South Carolina"},{"name":"projects/nepachat-dcc71/locations/us-east4","labels":{"appengine.googleapis.com/region":"us-east4","cloud.googleapis.com/location":"us-east4","cloud.googleapis.com/region":"us-east4"},"metadata":{"@type":"type.googleapis.com/google.firestore.admin.v1.LocationMetadata"},"locationId":"us-east4","displayName":"Northern Virginia"},{"name":"projects/nepachat-dcc71/locations/us-east5","labels":{"cloud.googleapis.com/location":"us-east5","cloud.googleapis.com/region":"us-east5"},"metadata":{"@type":"type.googleapis.com/google.firestore.admin.v1.LocationMetadata"},"locationId":"us-east5","displayName":"Columbus"},{"name":"projects/nepachat-dcc71/locations/us-south1","labels":{"cloud.googleapis.com/location":"us-south1","cloud.googleapis.com/region":"us-south1"},"metadata":{"@type":"type.googleapis.com/google.firestore.admin.v1.LocationMetadata"},"locationId":"us-south1","displayName":"Dallas"},{"name":"projects/nepachat-dcc71/locations/us-west1","labels":{"appengine.googleapis.com/region":"us-west1","cloud.googleapis.com/location":"us-west1","cloud.googleapis.com/region":"us-west1"},"metadata":{"@type":"type.googleapis.com/google.firestore.admin.v1.LocationMetadata"},"locationId":"us-west1","displayName":"Oregon"},{"name":"projects/nepachat-dcc71/locations/us-west2","labels":{"appengine.googleapis.com/region":"us-west2","cloud.googleapis.com/location":"us-west2","cloud.googleapis.com/region":"us-west2"},"metadata":{"@type":"type.googleapis.com/google.firestore.admin.v1.LocationMetadata"},"locationId":"us-west2","displayName":"Los Angeles"},{"name":"projects/nepachat-dcc71/locations/us-west3","labels":{"appengine.googleapis.com/region":"us-west3","cloud.googleapis.com/location":"us-west3","cloud.googleapis.com/region":"us-west3"},"metadata":{"@type":"type.googleapis.com/google.firestore.admin.v1.LocationMetadata"},"locationId":"us-west3","displayName":"Salt Lake City"},{"name":"projects/nepachat-dcc71/locations/us-west4","labels":{"appengine.googleapis.com/region":"us-west4","cloud.googleapis.com/location":"us-west4","cloud.googleapis.com/region":"us-west4"},"metadata":{"@type":"type.googleapis.com/google.firestore.admin.v1.LocationMetadata"},"locationId":"us-west4","displayName":"Las Vegas"}]}
